A51 MACRO ASSEMBLER  SHIYAN2_2                                                            04/16/2020 21:34:31 PAGE     1


MACRO ASSEMBLER A51 V8.2.7.0
OBJECT MODULE PLACED IN .\Objects\shiyan2_2.obj
ASSEMBLER INVOKED BY: E:\Keil\Keil5\C51\BIN\A51.EXE shiyan2_2.s SET(SMALL) DEBUG PRINT(.\Listings\shiyan2_2.lst) OBJECT(
                      .\Objects\shiyan2_2.obj) EP

LOC  OBJ            LINE     SOURCE

0000                   1             ORG 0000H
0000 0130              2             AJMP MAIN
0013                   3             ORG 0013H
0013 013B              4             AJMP SER_INT1
0030                   5             ORG 0030H
0030                   6     MAIN:
0030 759001            7             MOV P1,#01H
0033 D28A              8         SETB IT1
0035 D2AA              9             SETB EX1
0037 D2AF             10             SETB EA
0039 80FE             11             SJMP $
003B                  12     SER_INT1:
003B E590             13             MOV A,P1
003D 23               14             RL A
003E F590             15             MOV P1,A
0040 1143             16             ACALL DELAY
0042 32               17             RETI
0043 7A41             18     DELAY:MOV R2,#65                        ;R2赋值65
0045 7B28             19     D1:MOV R3,#40                           ;R3赋值40
0047 7C10             20     D2:MOV R4,#16                           ;R4赋值16
0049 00               21     D3:NOP                                          ;空操作
004A 00               22             NOP                                             ;空操作
004B 00               23             NOP                                             ;空操作
004C DCFB             24             DJNZ R4,D3                              ;循环16次
004E DBF7             25             DJNZ R3,D2                              ;循环40次
0050 DAF3             26             DJNZ R2,D1                              ;循环65次
0052 22               27         RET                                         ;返回
                      28     END
A51 MACRO ASSEMBLER  SHIYAN2_2                                                            04/16/2020 21:34:31 PAGE     2

SYMBOL TABLE LISTING
------ ----- -------


N A M E             T Y P E  V A L U E   ATTRIBUTES

D1 . . . . . . . .  C ADDR   0045H   A   
D2 . . . . . . . .  C ADDR   0047H   A   
D3 . . . . . . . .  C ADDR   0049H   A   
DELAY. . . . . . .  C ADDR   0043H   A   
EA . . . . . . . .  B ADDR   00A8H.7 A   
EX1. . . . . . . .  B ADDR   00A8H.2 A   
IT1. . . . . . . .  B ADDR   0088H.2 A   
MAIN . . . . . . .  C ADDR   0030H   A   
P1 . . . . . . . .  D ADDR   0090H   A   
SER_INT1 . . . . .  C ADDR   003BH   A   


REGISTER BANK(S) USED: 0 


ASSEMBLY COMPLETE.  0 WARNING(S), 0 ERROR(S)
