A51 MACRO ASSEMBLER  SHIYAN2_1                                                            04/16/2020 11:43:17 PAGE     1


MACRO ASSEMBLER A51 V8.2.7.0
OBJECT MODULE PLACED IN .\Objects\shiyan2_1.obj
ASSEMBLER INVOKED BY: E:\Keil\Keil5\C51\BIN\A51.EXE shiyan2_1.s SET(SMALL) DEBUG PRINT(.\Listings\shiyan2_1.lst) OBJECT(
                      .\Objects\shiyan2_1.obj) EP

LOC  OBJ            LINE     SOURCE

0000                   1             ORG 0000H
0000 2100              2             AJMP MAIN
0003                   3             ORG 0003H
0003 210B              4             AJMP SER_INT0
0100                   5             ORG 0100H
0100 75900F            6     MAIN:MOV P1,#0FH
0103 D288              7             SETB IT0
0105 D2A8              8             SETB EX0
0107 D2AF              9             SETB EA
0109 2109             10             AJMP $
010B 75900F           11     SER_INT0:MOV P1,#0FH
010E E590             12             MOV A,P1
0110 F4               13             CPL A
0111 540F             14             ANL A,#0FH
0113 C4               15             SWAP A
0114 F590             16             MOV P1,A
0116 32               17             RETI
                      18     END 
A51 MACRO ASSEMBLER  SHIYAN2_1                                                            04/16/2020 11:43:17 PAGE     2

SYMBOL TABLE LISTING
------ ----- -------


N A M E             T Y P E  V A L U E   ATTRIBUTES

EA . . . . . . . .  B ADDR   00A8H.7 A   
EX0. . . . . . . .  B ADDR   00A8H.0 A   
IT0. . . . . . . .  B ADDR   0088H.0 A   
MAIN . . . . . . .  C ADDR   0100H   A   
P1 . . . . . . . .  D ADDR   0090H   A   
SER_INT0 . . . . .  C ADDR   010BH   A   


REGISTER BANK(S) USED: 0 


ASSEMBLY COMPLETE.  0 WARNING(S), 0 ERROR(S)
