C51 COMPILER V9.57.0.0   SHIYAN4_2                                                         06/28/2020 19:39:51 PAGE 1   


C51 COMPILER V9.57.0.0, COMPILATION OF MODULE SHIYAN4_2
OBJECT MODULE PLACED IN .\Objects\shiyan4_2.obj
COMPILER INVOKED BY: E:\Keil\Keil5\C51\BIN\C51.EXE shiyan4_2.c OPTIMIZE(8,SPEED) BROWSE DEBUG OBJECTEXTEND PRINT(.\Listi
                    -ngs\shiyan4_2.lst) TABS(2) OBJECT(.\Objects\shiyan4_2.obj)

line level    source

   1          #include <reg51.h>
   2          sbit P2_0=P2^0;
   3          sbit P2_1=P2^1;
   4          unsigned char code table[]={0x3f,0x06,0x5b,0x4f,0x66,0x6d,0x7d,0x07,0x7f,0x6f};
   5          unsigned char d1=2,d2=4;
   6          unsigned int time=0;
   7          unsigned int run=0;
   8          void delay(unsigned int i)
   9          {
  10   1        unsigned int j;
  11   1        while(i--)
  12   1        {
  13   2          for(j=0;j<120;j++);
  14   2        }
  15   1      }
  16          
  17          void time1() interrupt 3 //定时器/计数器T1溢出中断
  18          {
  19   1        time++;
  20   1        if(time==4000)
  21   1        {
  22   2          if(d2--==0)
  23   2          {
  24   3            d2=9;
  25   3            if(d1--==0)
  26   3            {d1=0;d2=0;}
  27   3          }
  28   2          time=0;
  29   2        }
  30   1      }
  31          
  32          void int1() interrupt 2 //外部1中断 复位24
  33          {
  34   1        d1=2;
  35   1        d2=4;
  36   1        TR1=0;
  37   1        time=0;
  38   1        run=0;
  39   1      }
  40          
  41          void int0() interrupt 0 //外部0中断 启动/暂停键
  42          {
  43   1        if(run%2==0)
  44   1          TR1=1;//启动T1定时
  45   1        else
  46   1          TR1=0;//关闭T1定时
  47   1        run++;
  48   1        if(run==10) run=0;
  49   1      }
  50          
  51          void display(void)
  52          { 
  53   1        P2&=0xfc;   //关断位选信号
  54   1        P1=table[d1]; //送显示数据
C51 COMPILER V9.57.0.0   SHIYAN4_2                                                         06/28/2020 19:39:51 PAGE 2   

  55   1        P2_0=1;   //选中第一个数码管
  56   1        delay(2);   //延时
  57   1        P2&=0xfc;     //关断位选信号
  58   1        P1=table[d2]; //送显示数据
  59   1        P2_1=1; ;   //选中第二个数码管
  60   1        delay(2);   //延时
  61   1        P1=0;   //关段码
  62   1        P2&=0xfc; //关位码
  63   1      }
  64          
  65          
  66          void main(void) 
  67          { 
  68   1        TMOD=0x20;//写入方式控制字
  69   1        TH1=(256-250);//写入计数初值
  70   1        TL1=(256-250);
  71   1        EA=1;//开中断总开关
  72   1        EX1=1;//允许外部1中断
  73   1        EX0=1;//允许外部0中断
  74   1        IT1=1;
  75   1        IT0=1;//负跳沿产生中断
  76   1        ET1=1;//定时器1允许中断
  77   1      
  78   1        while(1)
  79   1        {
  80   2          display();
  81   2        }
  82   1      } 


MODULE INFORMATION:   STATIC OVERLAYABLE
   CODE SIZE        =    214    ----
   CONSTANT SIZE    =     10    ----
   XDATA SIZE       =   ----    ----
   PDATA SIZE       =   ----    ----
   DATA SIZE        =      6    ----
   IDATA SIZE       =   ----    ----
   BIT SIZE         =   ----    ----
END OF MODULE INFORMATION.


C51 COMPILATION COMPLETE.  0 WARNING(S),  0 ERROR(S)
