A51 MACRO ASSEMBLER  SHIYAN3_12                                                           04/23/2020 21:34:06 PAGE     1


MACRO ASSEMBLER A51 V8.2.7.0
OBJECT MODULE PLACED IN .\Objects\shiyan3_12.obj
ASSEMBLER INVOKED BY: E:\Keil\Keil5\C51\BIN\A51.EXE shiyan3_12.s SET(SMALL) DEBUG PRINT(.\Listings\shiyan3_12.lst) OBJEC
                      T(.\Objects\shiyan3_12.obj) EP

LOC  OBJ            LINE     SOURCE

                       1     ;f=12MHz，定时器/计势鱐0，方式1，实现从P1.0口输出周期为（20+作业号58）ms的方波。【查询方式】
0000                   2             ORG 0000H
0000 020100            3             LJMP MAIN
0100                   4             ORG 0100H
0100 758901            5     MAIN:MOV TMOD,#01H 
0103 758C67            6          MOV TH0,#67H       
0106 758AA8            7          MOV TL0,#0A8H
0109 D28C              8          SETB TR0              
010B 108D02            9     LOOP:JBC TF0,NEXT 
010E 80FB             10          SJMP LOOP
0110 758C67           11     NEXT:MOV TH0,#67H 
0113 758AA8           12          MOV TL0,#0A8H
0116 B290             13          CPL P1.0 
0118 80F1             14          SJMP LOOP 
                      15          END
A51 MACRO ASSEMBLER  SHIYAN3_12                                                           04/23/2020 21:34:06 PAGE     2

SYMBOL TABLE LISTING
------ ----- -------


N A M E             T Y P E  V A L U E   ATTRIBUTES

LOOP . . . . . . .  C ADDR   010BH   A   
MAIN . . . . . . .  C ADDR   0100H   A   
NEXT . . . . . . .  C ADDR   0110H   A   
P1 . . . . . . . .  D ADDR   0090H   A   
TF0. . . . . . . .  B ADDR   0088H.5 A   
TH0. . . . . . . .  D ADDR   008CH   A   
TL0. . . . . . . .  D ADDR   008AH   A   
TMOD . . . . . . .  D ADDR   0089H   A   
TR0. . . . . . . .  B ADDR   0088H.4 A   


REGISTER BANK(S) USED: 0 


ASSEMBLY COMPLETE.  0 WARNING(S), 0 ERROR(S)
