C51 COMPILER V9.57.0.0   SHIYAN7_1                                                         05/27/2020 01:04:11 PAGE 1   


C51 COMPILER V9.57.0.0, COMPILATION OF MODULE SHIYAN7_1
OBJECT MODULE PLACED IN .\Objects\shiyan7_1.obj
COMPILER INVOKED BY: E:\Keil\Keil5\C51\BIN\C51.EXE shiyan7_1.c OPTIMIZE(8,SPEED) BROWSE DEBUG OBJECTEXTEND PRINT(.\Listi
                    -ngs\shiyan7_1.lst) TABS(2) OBJECT(.\Objects\shiyan7_1.obj)

line level    source

   1          //6MHz 78ms锯齿波
   2          #include <reg51.h>
   3          void time1() interrupt 3 //定时器/计数器T1溢出中断
   4          {
   5   1        P1++;
   6   1      }
   7          void main()
   8          {
   9   1        TMOD=0x20;//写入方式控制字
  10   1        TH1=(256-153);//写入计数初值
  11   1        TL1=(256-153);
  12   1        EA=1;
  13   1        ET1=1;//定时器1允许中断
  14   1        TR1=1;//启动T1定时
  15   1        P1=0;
  16   1        while(1);
  17   1      }


MODULE INFORMATION:   STATIC OVERLAYABLE
   CODE SIZE        =     23    ----
   CONSTANT SIZE    =   ----    ----
   XDATA SIZE       =   ----    ----
   PDATA SIZE       =   ----    ----
   DATA SIZE        =   ----    ----
   IDATA SIZE       =   ----    ----
   BIT SIZE         =   ----    ----
END OF MODULE INFORMATION.


C51 COMPILATION COMPLETE.  0 WARNING(S),  0 ERROR(S)
